Avocado Prices/Dataset/Filtered_dataset.csv
,Date,AveragePrice,Total Volume,4046,4225,4770,Total Bags,Small Bags,Large Bags,XLarge Bags,type,year,region,month,week,price_types
501,2015-05-10,1.06,259598.76,11982.39,172173.77,2408.09,73034.51,22506.92,50265.04,262.55,conventional,2015,CincinnatiDayton,2015-05-01,2015-05-07,low
505,2015-04-12,1.02,188937.83,11176.67,120830.33,1306.19,55624.64,38219.34,17270.02,135.28,conventional,2015,CincinnatiDayton,2015-04-01,2015-04-09,low
506,2015-04-05,1.06,196168.6,7516.57,135093.59,2508.15,51050.29,36567.48,14361.02,121.79,conventional,2015,CincinnatiDayton,2015-04-01,2015-04-02,low
516,2015-01-25,0.93,213554.45,3617.45,162644.69,656.23,46636.08,20650.03,25970.02,16.03,conventional,2015,CincinnatiDayton,2015-01-01,2015-01-22,low
517,2015-01-18,0.93,175681.09,3333.29,128858.15,1086.61,42403.04,24024.17,18264.75,114.12,conventional,2015,CincinnatiDayton,2015-01-01,2015-01-15,low
518,2015-01-11,0.92,201392.27,3612.86,153100.22,1203.53,43475.66,17035.73,26345.43,94.5,conventional,2015,CincinnatiDayton,2015-01-01,2015-01-08,low
519,2015-01-04,0.88,228569.58,3274.3,168764.78,1447.06,55083.44,17525.31,37445.46,112.67,conventional,2015,CincinnatiDayton,2015-01-01,2015-01-01,low
6095,2017-12-17,1.3,169219.79,21459.6,53838.76,9956.49,83964.94,57656.39,26216.68,91.87,conventional,2017,CincinnatiDayton,2017-12-01,2017-12-14,low
8594,2018-01-28,0.92,281913.49,78131.98,27858.19,11786.66,164136.66,155062.73,9071.23,2.7,conventional,2018,CincinnatiDayton,2018-01-01,2018-01-25,low
8595,2018-01-21,0.89,321809.3,92142.87,54830.94,12823.81,162011.68,148818.14,13170.73,22.81,conventional,2018,CincinnatiDayton,2018-01-01,2018-01-18,low
